// 重构日志: 7fc3ca47
// 重构日志: 28209e96
// 重构日志: cb6c7481
// 重构日志: c6ee9035
// 重构日志: 3d0083a7
// 重构日志: d7b8e77d
// 重构日志: c659e749
// 同步 ID: e8cb9c50 @ Sat Jul 25 16:30:21 UTC 2026
// 同步 ID: 9eb3c114 @ Sun Jul 26 15:17:56 UTC 2026
// 重构日志: 553bc4cd
// 同步 ID: 3e00b0b0 @ Tue Jul 28 16:58:18 UTC 2026
// 重构日志: 4bd6e38d
// 重构日志: 21de81f1
// 同步 ID: 66fcc9b2 @ Sun Aug  2 00:37:30 UTC 2026
// 重构日志: 95bed070
// 同步 ID: ef36e9de @ Sun Aug  2 15:12:20 UTC 2026
// 重构日志: 1c0e3e48
// 重构日志: a3c66a81
// 重构日志: 79c31049
// 重构日志: ae323e1c
// 重构日志: 47ea5741
// 重构日志: e62da27b
// 重构日志: e5debac3
